// Vitest Snapshot v1, https://vitest.dev/guide/snapshot.html

exports[`butterSpread > does not log warning when threshold is not exceeded 1`] = `
[
  [
    "hello",
    "wonder",
    "world",
    "node",
    "js",
    "is",
    "a",
    "cross-platform",
    "open-sourc",
    "server",
    "environ",
    "that",
    "can",
    "run",
    "on",
    "window",
    "linux",
    "unix",
    "maco",
    "and",
    "more",
    "au",
    "revoir",
    "bonjour",
    "-------------------",
    "node",
    "js",
    "is",
    "a",
    "cross-platform",
    "open-sourc",
    "server",
    "environ",
    "that",
    "can",
    "run",
    "on",
    "window",
    "linux",
    "unix",
    "maco",
    "and",
    "more",
    "node",
    "js",
    "is",
    "a",
    "back-end",
    "javascript",
    "runtim",
    "environ",
    "run",
    "on",
    "the",
    "v8",
    "javascript",
    "engin",
    "and",
    "execut",
    "javascript",
    "code",
    "outsid",
    "a",
    "web",
    "browser",
    "node",
    "js",
    "let",
    "develop",
    "use",
    "javascript",
    "to",
    "write",
    "command",
    "line",
    "tool",
    "and",
    "for",
    "server-sid",
    "script",
    "the",
    "abil",
    "to",
    "run",
    "javascript",
    "code",
    "on",
    "the",
    "server",
    "is",
    "often",
    "use",
    "to",
    "generat",
    "dynam",
    "web",
    "page",
    "content",
    "befor",
    "the",
    "page",
    "is",
    "sent",
    "to",
    "the",
    "user",
    "is",
    "web",
    "browser",
    "consequ",
    "node",
    "js",
    "repres",
    "a",
    "javascript",
    "everywher",
    "paradigm",
    "6",
    "unifi",
    "web-appl",
    "develop",
    "around",
    "a",
    "singl",
    "program",
    "languag",
    "as",
    "oppos",
    "to",
    "use",
    "differ",
    "languag",
    "for",
    "the",
    "server-",
    "versus",
    "client-sid",
    "program",
    "node",
    "js",
    "has",
    "an",
    "event-driven",
    "architectur",
    "capabl",
    "of",
  ],
  [
    "asynchron",
    "i",
    "o",
    "these",
    "design",
    "choic",
    "aim",
    "to",
    "optim",
    "throughput",
    "and",
    "scalabl",
    "in",
    "web",
    "applic",
    "with",
    "mani",
    "input",
    "output",
    "oper",
    "as",
    "well",
    "as",
    "for",
    "real-tim",
    "web",
    "applic",
    "e",
    "g",
    "real-tim",
    "communic",
    "program",
    "and",
    "browser",
    "game",
    "7",
    "the",
    "node",
    "js",
    "distribut",
    "develop",
    "project",
    "was",
    "previous",
    "govern",
    "by",
    "the",
    "node",
    "js",
    "foundat",
    "8",
    "and",
    "has",
    "now",
    "merg",
    "with",
    "the",
    "js",
    "foundat",
    "to",
    "form",
    "the",
    "openj",
    "foundat",
    "openj",
    "foundat",
    "is",
    "facilit",
    "by",
    "the",
    "linux",
    "foundat",
    "is",
    "collabor",
    "project",
    "program",
    "9",
    "histori",
    "ryan",
    "dahl",
    "creator",
    "of",
    "node",
    "js",
    "in",
    "2010",
    "node",
    "js",
    "was",
    "written",
    "initi",
    "by",
    "ryan",
    "dahl",
    "in",
    "2009",
    "10",
    "about",
    "thirteen",
    "year",
    "after",
    "the",
    "introduct",
    "of",
    "the",
    "first",
    "server-sid",
    "javascript",
    "environ",
    "netscap",
    "is",
    "livewir",
    "pro",
    "web",
    "11",
    "the",
    "initi",
    "releas",
    "support",
    "onli",
    "linux",
    "and",
    "mac",
    "os",
    "x",
    "it",
    "develop",
    "and",
    "mainten",
    "was",
    "led",
    "by",
    "dahl",
    "and",
    "later",
    "sponsor",
    "by",
    "joyent",
    "12",
    "dahl",
    "critic",
    "the",
    "limit",
    "possibl",
    "of",
    "the",
    "most",
    "popular",
    "web",
    "server",
    "in",
    "2009",
    "apach",
    "http",
    "server",
    "to",
    "handl",
    "a",
  ],
  [
    "lot",
    "of",
    "concurr",
    "connect",
    "up",
    "to",
    "10",
    "000",
    "and",
    "more",
    "and",
    "the",
    "most",
    "common",
    "way",
    "of",
    "creat",
    "code",
    "sequenti",
    "program",
    "when",
    "code",
    "either",
    "block",
    "the",
    "entir",
    "process",
    "or",
    "impli",
    "multipl",
    "execut",
    "stack",
    "in",
    "the",
    "case",
    "of",
    "simultan",
    "connect",
    "13",
    "dahl",
    "demonstr",
    "the",
    "project",
    "at",
    "the",
    "inaugur",
    "european",
    "jsconf",
    "on",
    "novemb",
    "8",
    "2009",
    "14",
    "15",
    "16",
    "node",
    "js",
    "combin",
    "googl",
    "is",
    "v8",
    "javascript",
    "engin",
    "an",
    "event",
    "loop",
    "and",
    "a",
    "low-level",
    "i",
    "o",
    "api",
    "17",
    "in",
    "januari",
    "2010",
    "a",
    "packag",
    "manag",
    "was",
    "introduc",
    "for",
    "the",
    "node",
    "js",
    "environ",
    "call",
    "npm",
    "18",
    "the",
    "packag",
    "manag",
    "make",
    "it",
    "easier",
    "for",
    "programm",
    "to",
    "publish",
    "and",
    "share",
    "sourc",
    "code",
    "of",
    "node",
    "js",
    "packag",
    "and",
    "is",
    "design",
    "to",
    "simplifi",
    "instal",
    "updat",
    "and",
    "uninstal",
    "of",
    "packag",
    "17",
    "in",
    "june",
    "2011",
    "microsoft",
    "and",
    "joyent",
    "implement",
    "a",
    "nativ",
    "window",
    "version",
    "of",
    "node",
    "js",
    "19",
    "the",
    "first",
    "node",
    "js",
    "build",
    "support",
    "window",
    "was",
    "releas",
    "in",
    "juli",
    "2011",
    "in",
    "januari",
    "2012",
    "dahl",
    "step",
    "asid",
    "promot",
    "cowork",
    "and",
    "npm",
    "creator",
    "isaac",
    "schlueter",
    "to",
    "manag",
    "the",
  ],
  [
    "project",
    "20",
    "in",
    "januari",
    "2014",
    "schlueter",
    "announc",
    "that",
    "timothi",
    "j",
    "fontain",
    "would",
    "lead",
    "the",
    "project",
    "21",
    "in",
    "decemb",
    "2014",
    "fedor",
    "indutni",
    "start",
    "io",
    "js",
    "a",
    "fork",
    "of",
    "node",
    "js",
    "due",
    "to",
    "the",
    "intern",
    "conflict",
    "over",
    "joyent",
    "is",
    "govern",
    "io",
    "js",
    "was",
    "creat",
    "as",
    "an",
    "open",
    "govern",
    "altern",
    "with",
    "a",
    "separ",
    "technic",
    "committe",
    "22",
    "23",
    "unlik",
    "node",
    "js",
    "24",
    "the",
    "author",
    "plan",
    "to",
    "keep",
    "io",
    "js",
    "up-to-d",
    "with",
    "the",
    "latest",
    "releas",
    "of",
    "the",
    "googl",
    "v8",
    "javascript",
    "engin",
    "25",
    "in",
    "februari",
    "2015",
    "the",
    "intent",
    "to",
    "form",
    "a",
    "neutral",
    "node",
    "js",
    "foundat",
    "was",
    "announc",
    "by",
    "june",
    "2015",
    "the",
    "node",
    "js",
    "and",
    "io",
    "js",
    "communiti",
    "vote",
    "to",
    "work",
    "togeth",
    "under",
    "the",
    "node",
    "js",
    "foundat",
    "26",
    "in",
    "septemb",
    "2015",
    "node",
    "js",
    "v0",
    "12",
    "and",
    "io",
    "js",
    "v3",
    "3",
    "were",
    "merg",
    "back",
    "togeth",
    "into",
    "node",
    "v4",
    "0",
    "27",
    "this",
    "merg",
    "brought",
    "v8",
    "es6",
    "featur",
    "into",
    "node",
    "js",
    "and",
    "a",
    "long-term",
    "support",
    "releas",
    "cycl",
    "28",
    "as",
    "of",
    "2016",
    "the",
    "io",
    "js",
    "websit",
    "recommend",
    "that",
    "develop",
    "switch",
    "back",
    "to",
    "node",
    "js",
    "and",
    "that",
    "no",
    "further",
    "releas",
    "of",
    "io",
    "js",
    "are",
    "plan",
    "due",
    "to",
    "the",
    "merg",
    "29",
    "in",
    "2019",
    "the",
  ],
  [
    "js",
    "foundat",
    "and",
    "node",
    "js",
    "foundat",
    "merg",
    "to",
    "form",
    "the",
    "openj",
    "foundat",
    "on",
    "march",
    "15",
    "2023",
    "node",
    "js",
    "19",
    "8",
    "1",
    "was",
    "releas",
    "30",
    "on",
    "septemb",
    "6",
    "2023",
    "node",
    "js",
    "20",
    "6",
    "0",
    "was",
    "releas",
    "this",
    "updat",
    "bring",
    "notabl",
    "chang",
    "includ",
    "the",
    "addit",
    "of",
    "built-in",
    "support",
    "for",
    "env",
    "file",
    "the",
    "unflag",
    "of",
    "import",
    "meta",
    "resolv",
    "and",
    "the",
    "introduct",
    "of",
    "a",
    "new",
    "node",
    "modul",
    "api",
    "regist",
    "for",
    "modul",
    "custom",
    "hook",
    "along",
    "with",
    "a",
    "new",
    "initi",
    "hook",
    "addit",
    "the",
    "modul",
    "custom",
    "load",
    "hook",
    "now",
    "also",
    "support",
    "commonj",
    "and",
    "node",
    "js",
    "c++",
    "addon",
    "have",
    "gain",
    "experiment",
    "support",
    "for",
    "cppgc",
    "oilpan",
    "which",
    "is",
    "a",
    "c++",
    "garbag",
    "collect",
    "librari",
    "in",
    "v8",
    "30",
    "overview",
    "node",
    "js",
    "allow",
    "the",
    "creation",
    "of",
    "web",
    "server",
    "and",
    "network",
    "tool",
    "use",
    "javascript",
    "and",
    "a",
    "collect",
    "of",
    "modul",
    "that",
    "handl",
    "various",
    "core",
    "function",
    "14",
    "17",
    "31",
    "32",
    "33",
    "modul",
    "are",
    "provid",
    "for",
    "file",
    "system",
    "i",
    "o",
    "network",
    "dns",
    "http",
    "tcp",
    "tls",
    "ssl",
    "or",
    "udp",
    "binari",
    "data",
    "buffer",
    "cryptographi",
    "function",
    "data",
    "stream",
    "and",
    "other",
    "core",
  ],
  [
    "function",
    "17",
    "32",
    "34",
    "node",
    "js",
    "is",
    "modul",
    "use",
    "an",
    "api",
    "design",
    "to",
    "reduc",
    "the",
    "complex",
    "of",
    "write",
    "server",
    "applic",
    "17",
    "32",
    "javascript",
    "is",
    "the",
    "onli",
    "languag",
    "that",
    "node",
    "js",
    "support",
    "nativ",
    "but",
    "mani",
    "compile-to-j",
    "languag",
    "are",
    "avail",
    "35",
    "as",
    "a",
    "result",
    "node",
    "js",
    "applic",
    "can",
    "be",
    "written",
    "in",
    "coffeescript",
    "36",
    "dart",
    "typescript",
    "clojurescript",
    "and",
    "other",
    "node",
    "js",
    "is",
    "primarili",
    "use",
    "to",
    "build",
    "network",
    "program",
    "such",
    "as",
    "web",
    "server",
    "31",
    "the",
    "most",
    "signific",
    "differ",
    "between",
    "node",
    "js",
    "and",
    "php",
    "is",
    "that",
    "most",
    "function",
    "in",
    "php",
    "block",
    "until",
    "complet",
    "command",
    "execut",
    "onli",
    "after",
    "previous",
    "command",
    "finish",
    "while",
    "node",
    "js",
    "function",
    "are",
    "non-block",
    "command",
    "execut",
    "concurr",
    "or",
    "even",
    "in",
    "parallel",
    "37",
    "38",
    "and",
    "use",
    "callback",
    "to",
    "signal",
    "complet",
    "or",
    "failur",
    "31",
    "node",
    "js",
    "is",
    "offici",
    "support",
    "on",
    "linux",
    "maco",
    "and",
    "microsoft",
    "window",
    "8",
    "1",
    "and",
    "server",
    "2012",
    "and",
    "later",
    "3",
    "with",
    "tier",
    "2",
    "support",
    "for",
    "smarto",
    "and",
    "ibm",
    "aix",
    "and",
    "experiment",
    "support",
    "for",
    "freebsd",
    "openbsd",
    "also",
    "work",
    "and",
    "lts",
    "version",
    "avail",
  ],
  [
    "for",
    "ibm",
    "i",
    "as",
    "400",
    "39",
    "the",
    "provid",
    "sourc",
    "code",
    "may",
    "also",
    "be",
    "built",
    "on",
    "similar",
    "oper",
    "system",
    "to",
    "those",
    "offici",
    "support",
    "or",
    "be",
    "modifi",
    "by",
    "third",
    "parti",
    "to",
    "support",
    "other",
    "such",
    "as",
    "nonstop",
    "os",
    "40",
    "and",
    "unix",
    "server",
    "platform",
    "architectur",
    "node",
    "js",
    "bring",
    "event-driven",
    "program",
    "to",
    "web",
    "server",
    "enabl",
    "develop",
    "of",
    "fast",
    "web",
    "server",
    "in",
    "javascript",
    "17",
    "develop",
    "can",
    "creat",
    "scalabl",
    "server",
    "without",
    "use",
    "thread",
    "by",
    "use",
    "a",
    "simplifi",
    "model",
    "of",
    "event-driven",
    "program",
    "that",
    "use",
    "callback",
    "to",
    "signal",
    "the",
    "complet",
    "of",
    "a",
    "task",
    "17",
    "node",
    "js",
    "connect",
    "the",
    "eas",
    "of",
    "a",
    "script",
    "languag",
    "javascript",
    "with",
    "the",
    "power",
    "of",
    "unix",
    "network",
    "program",
    "17",
    "node",
    "js",
    "was",
    "built",
    "on",
    "top",
    "of",
    "googl",
    "is",
    "v8",
    "javascript",
    "engin",
    "sinc",
    "it",
    "was",
    "open-sourc",
    "under",
    "the",
    "bsd",
    "licens",
    "it",
    "is",
    "profici",
    "with",
    "internet",
    "fundament",
    "such",
    "as",
    "http",
    "dns",
    "and",
    "tcp",
    "14",
    "javascript",
    "was",
    "also",
    "a",
    "well-known",
    "languag",
    "make",
    "node",
    "js",
    "access",
    "to",
    "the",
    "web",
    "develop",
    "communiti",
    "14",
    "industri",
    "support",
    "there",
    "are",
    "thousand",
    "of",
    "open-sourc",
  ],
  [
    "librari",
    "for",
    "node",
    "js",
    "most",
    "of",
    "them",
    "host",
    "on",
    "the",
    "npm",
    "websit",
    "there",
    "are",
    "multipl",
    "develop",
    "confer",
    "and",
    "event",
    "that",
    "support",
    "the",
    "node",
    "js",
    "communiti",
    "includ",
    "nodeconf",
    "node",
    "interact",
    "and",
    "node",
    "summit",
    "as",
    "well",
    "as",
    "a",
    "number",
    "of",
    "region",
    "event",
    "the",
    "open-sourc",
    "communiti",
    "has",
    "develop",
    "web",
    "framework",
    "to",
    "acceler",
    "the",
    "develop",
    "of",
    "applic",
    "such",
    "framework",
    "includ",
    "connect",
    "express",
    "js",
    "socket",
    "io",
    "feather",
    "js",
    "koa",
    "js",
    "hapi",
    "js",
    "sail",
    "js",
    "meteor",
    "derbi",
    "and",
    "mani",
    "other",
    "17",
    "41",
    "various",
    "packag",
    "have",
    "also",
    "been",
    "creat",
    "for",
    "interfac",
    "with",
    "other",
    "languag",
    "or",
    "runtim",
    "environ",
    "such",
    "as",
    "microsoft",
    "net",
    "42",
    "modern",
    "desktop",
    "ide",
    "provid",
    "edit",
    "and",
    "debug",
    "featur",
    "specif",
    "for",
    "node",
    "js",
    "applic",
    "such",
    "ide",
    "includ",
    "atom",
    "bracket",
    "jetbrain",
    "webstorm",
    "43",
    "44",
    "microsoft",
    "visual",
    "studio",
    "with",
    "node",
    "js",
    "tool",
    "for",
    "visual",
    "studio",
    "45",
    "or",
    "typescript",
    "with",
    "node",
    "definit",
    "46",
    "47",
    "48",
    "49",
    "netbean",
    "50",
    "nodeclips",
    "enid",
    "studio",
    "51",
    "eclipse-bas",
    "and",
    "visual",
    "studio",
    "code",
    "52",
    "53",
    "certain",
  ],
  [
    "onlin",
    "web-bas",
    "ide",
    "also",
    "support",
    "node",
    "js",
    "such",
    "as",
    "codeanywher",
    "codenvi",
    "cloud9",
    "ide",
    "kode",
    "and",
    "the",
    "visual",
    "flow",
    "editor",
    "in",
    "node-r",
    "node",
    "js",
    "is",
    "support",
    "across",
    "a",
    "number",
    "of",
    "cloud-host",
    "platform",
    "like",
    "jelast",
    "googl",
    "cloud",
    "platform",
    "aw",
    "elast",
    "beanstalk",
    "joyent",
    "and",
    "other",
    "releas",
    "releas",
    "54",
    "status",
    "code",
    "name",
    "releas",
    "date",
    "mainten",
  ],
  [
    "end",
    "0",
    "10",
    "x",
    "end-of-lif",
    "2013-03-11",
    "2016-10-31",
    "0",
    "12",
    "x",
    "end-of-lif",
    "2015-02-06",
    "2016-12-31",
    "4",
    "x",
    "end-of-lif",
    "argon",
    "55",
    "2015-09-08",
    "2018-04-30",
    "5",
    "x",
    "end-of-lif",
    "2015-10-29",
    "2016-06-30",
    "6",
    "x",
    "end-of-lif",
    "boron",
    "55",
    "2016-04-26",
    "2019-04-30",
    "7",
    "x",
    "end-of-lif",
    "2016-10-25",
    "2017-06-30",
    "8",
    "x",
    "end-of-lif",
    "carbon",
    "55",
    "2017-05-30",
    "2019-12-31",
    "9",
    "x",
    "end-of-lif",
    "2017-10-01",
    "2018-06-30",
    "10",
    "x",
    "end-of-lif",
    "dubnium",
    "55",
    "2018-04-24",
    "2021-04-30",
    "11",
    "x",
    "end-of-lif",
    "2018-10-23",
    "2019-06-01",
    "12",
    "x",
    "end-of-lif",
    "erbium",
    "55",
    "2019-04-23",
    "2022-04-30",
    "13",
    "x",
    "end-of-lif",
    "2019-10-22",
    "2020-06-01",
    "14",
    "x",
    "end-of-lif",
    "fermium",
    "55",
    "2020-04-21",
    "2023-04-30",
    "15",
    "x",
    "end-of-lif",
    "2020-10-20",
    "2021-06-01",
    "16",
    "x",
    "end-of-lif",
    "gallium",
    "55",
    "2021-04-20",
    "2023-09-11",
    "56",
    "17",
    "x",
    "end-of-lif",
    "2021-10-19",
    "2022-06-01",
    "18",
    "x",
    "activ",
    "lts",
    "hydrogen",
    "55",
    "2022-04-19",
    "2025-04-30",
    "19",
    "x",
    "end-of-lif",
    "2022-10-18",
    "2023-06-01",
    "20",
    "x",
    "current",
    "iron",
    "57",
    "2023-04-18",
    "2026-04-30",
    "21",
    "x",
    "plan",
    "55",
    "2023-10-17",
    "2024-05-30",
    "22",
    "x",
    "plan",
    "jod",
  ],
  [
    "57",
    "55",
    "2024-04-15",
    "2027-04-28",
    "23",
    "x",
    "plan",
    "55",
    "2024-10-14",
    "2025-05-27",
    "legend",
    "old",
    "versionold",
    "version",
    "still",
    "maintainedlatest",
    "versionfutur",
    "releas",
    "new",
    "major",
    "releas",
    "of",
    "node",
    "js",
    "are",
    "cut",
    "from",
    "the",
    "github",
    "main",
    "branch",
    "everi",
    "six",
    "month",
    "even-numb",
    "version",
    "are",
    "cut",
    "in",
    "april",
    "and",
    "odd-numb",
    "version",
    "are",
    "cut",
    "in",
    "octob",
    "when",
    "a",
    "new",
    "odd",
    "version",
    "is",
    "releas",
    "the",
    "previous",
    "even",
    "version",
    "undergo",
    "transit",
    "to",
    "long",
    "term",
    "support",
    "lts",
    "which",
    "give",
    "that",
    "version",
    "18",
    "month",
    "of",
    "activ",
    "support",
    "from",
    "the",
    "date",
    "it",
    "is",
    "design",
    "lts",
    "after",
    "these",
    "18",
    "month",
    "expir",
    "an",
    "lts",
    "releas",
    "receiv",
    "an",
    "addit",
    "12",
    "month",
    "of",
    "mainten",
    "support",
    "an",
    "activ",
    "version",
    "receiv",
    "non-break",
    "backport",
    "of",
    "chang",
    "a",
    "few",
    "week",
    "after",
    "they",
    "land",
    "in",
    "the",
    "current",
    "releas",
    "a",
    "mainten",
    "releas",
    "receiv",
    "onli",
    "critic",
    "fix",
    "and",
    "document",
    "updat",
    "55",
    "the",
    "lts",
    "work",
    "group",
    "manag",
    "strategi",
    "and",
    "polici",
    "in",
    "collabor",
    "with",
    "the",
    "technic",
    "steer",
    "committe",
    "of",
    "the",
    "node",
    "js",
    "foundat",
    "technic",
    "detail",
    "node",
    "js",
    "is",
    "a",
    "javascript",
  ],
  [
    "runtim",
    "environ",
    "that",
    "process",
    "incom",
    "request",
    "in",
    "a",
    "loop",
    "call",
    "the",
    "event",
    "loop",
    "intern",
    "node",
    "js",
    "use",
    "libuv",
    "under",
    "the",
    "hood",
    "to",
    "handl",
    "asynchron",
    "event",
    "libuv",
    "is",
    "an",
    "abstract",
    "layer",
    "for",
    "network",
    "and",
    "file",
    "system",
    "function",
    "on",
    "both",
    "window",
    "and",
    "posix-bas",
    "system",
    "such",
    "as",
    "linux",
    "maco",
    "oss",
    "on",
    "nonstop",
    "and",
    "unix",
    "node",
    "js",
    "reli",
    "on",
    "nghttp2",
    "for",
    "http",
    "support",
    "as",
    "of",
    "version",
    "20",
    "node",
    "js",
    "use",
    "the",
    "ada",
    "librari",
    "which",
    "provid",
    "up-to-d",
    "whatwg",
    "url",
    "complianc",
    "as",
    "of",
    "version",
    "19",
    "5",
    "node",
    "js",
    "use",
    "the",
    "simdutf",
    "librari",
    "for",
    "fast",
    "unicod",
    "valid",
    "and",
    "transcod",
    "thread",
    "node",
    "js",
    "oper",
    "on",
    "a",
    "single-thread",
    "event",
    "loop",
    "use",
    "non-block",
    "i",
    "o",
    "call",
    "allow",
    "it",
    "to",
    "support",
    "ten",
    "of",
    "thousand",
    "of",
    "concurr",
    "connect",
    "without",
    "incur",
    "the",
    "cost",
    "of",
    "thread",
    "context",
    "switch",
    "58",
    "the",
    "design",
    "of",
    "share",
    "a",
    "singl",
    "thread",
    "among",
    "all",
    "the",
    "request",
    "that",
    "use",
    "the",
    "observ",
    "pattern",
    "is",
    "intend",
    "for",
    "build",
    "high",
    "concurr",
    "applic",
    "where",
    "ani",
    "function",
    "perform",
    "i",
    "o",
    "must",
    "use",
    "a",
    "callback",
    "to",
    "accommod",
  ],
  [
    "the",
    "single-thread",
    "event",
    "loop",
    "node",
    "js",
    "use",
    "the",
    "libuv",
    "library—which",
    "in",
    "turn",
    "use",
    "a",
    "fixed-s",
    "thread",
    "pool",
    "that",
    "handl",
    "some",
    "of",
    "the",
    "non-block",
    "asynchron",
    "i",
    "o",
    "oper",
    "7",
    "a",
    "thread",
    "pool",
    "handl",
    "the",
    "execut",
    "of",
    "parallel",
    "task",
    "in",
    "node",
    "js",
    "the",
    "main",
    "thread",
    "function",
    "call",
    "post",
    "task",
    "to",
    "the",
    "share",
    "task",
    "queue",
    "which",
    "thread",
    "in",
    "the",
    "thread",
    "pool",
    "pull",
    "and",
    "execut",
    "inher",
    "non-block",
    "system",
    "function",
    "such",
    "as",
    "network",
    "translat",
    "to",
    "kernel-sid",
    "non-block",
    "socket",
    "while",
    "inher",
    "block",
    "system",
    "function",
    "such",
    "as",
    "file",
    "i",
    "o",
    "run",
    "in",
    "a",
    "block",
    "way",
    "on",
    "their",
    "own",
    "thread",
    "when",
    "a",
    "thread",
    "in",
    "the",
    "thread",
    "pool",
    "complet",
    "a",
    "task",
    "it",
    "inform",
    "the",
    "main",
    "thread",
    "of",
    "this",
    "which",
    "in",
    "turn",
    "wake",
    "up",
    "and",
    "execut",
    "the",
    "regist",
    "callback",
    "a",
    "downsid",
    "of",
    "this",
    "single-thread",
    "approach",
    "is",
    "that",
    "node",
    "js",
    "doe",
    "not",
    "allow",
    "vertic",
    "scale",
    "by",
    "increas",
    "the",
    "number",
    "of",
    "cpu",
    "core",
    "of",
    "the",
    "machin",
    "it",
    "is",
    "run",
    "on",
    "without",
    "use",
    "an",
    "addit",
    "modul",
    "such",
    "as",
    "cluster",
    "37",
    "strongloop",
    "process",
    "manag",
    "59",
    "or",
    "pm2",
    "60",
  ],
  [
    "howev",
    "develop",
    "can",
    "increas",
    "the",
    "default",
    "number",
    "of",
    "thread",
    "in",
    "the",
    "libuv",
    "thread",
    "pool",
    "the",
    "server",
    "oper",
    "system",
    "os",
    "is",
    "like",
    "to",
    "distribut",
    "these",
    "thread",
    "across",
    "multipl",
    "core",
    "61",
    "anoth",
    "problem",
    "is",
    "that",
    "long-last",
    "comput",
    "and",
    "other",
    "cpu-bound",
    "task",
    "freez",
    "the",
    "entir",
    "event-loop",
    "until",
    "complet",
    "citat",
    "need",
    "v8",
    "main",
    "articl",
    "v8",
    "javascript",
    "engin",
    "v8",
    "is",
    "the",
    "javascript",
    "execut",
    "engin",
    "which",
    "was",
    "initi",
    "built",
    "for",
    "googl",
    "chrome",
    "it",
    "was",
    "then",
    "open-sourc",
    "by",
    "googl",
    "in",
    "2008",
    "written",
    "in",
    "c++",
    "v8",
    "compil",
    "javascript",
    "sourc",
    "code",
    "to",
    "nativ",
    "machin",
    "code",
    "at",
    "runtim",
    "7",
    "as",
    "of",
    "2016",
    "it",
    "also",
    "includ",
    "ignit",
    "a",
    "bytecod",
    "interpret",
    "packag",
    "manag",
    "npm",
    "is",
    "the",
    "pre-instal",
    "packag",
    "manag",
    "for",
    "the",
    "node",
    "js",
    "server",
    "platform",
    "it",
    "instal",
    "node",
    "js",
    "program",
    "from",
    "the",
    "npm",
    "registri",
    "organ",
    "the",
    "instal",
    "and",
    "manag",
    "of",
    "third-parti",
    "node",
    "js",
    "program",
    "packag",
    "in",
    "the",
    "npm",
    "registri",
    "can",
    "rang",
    "from",
    "simpl",
    "helper",
    "librari",
    "such",
    "as",
    "lodash",
    "to",
    "task",
    "runner",
    "such",
    "as",
    "grunt",
    "unifi",
  ],
  [
    "api",
    "node",
    "js",
    "can",
    "be",
    "combin",
    "with",
    "a",
    "browser",
    "with",
    "a",
    "site",
    "a",
    "databas",
    "that",
    "support",
    "json",
    "data",
    "such",
    "as",
    "postgr",
    "62",
    "mongodb",
    "or",
    "couchdb",
    "and",
    "json",
    "for",
    "a",
    "unifi",
    "javascript",
    "develop",
    "stack",
    "with",
    "the",
    "adapt",
    "of",
    "what",
    "were",
    "essenti",
    "server-sid",
    "develop",
    "pattern",
    "such",
    "as",
    "mvc",
    "mvp",
    "mvvm",
    "etc",
    "node",
    "js",
    "allow",
    "the",
    "reus",
    "of",
    "the",
    "same",
    "model",
    "and",
    "servic",
    "interfac",
    "between",
    "client",
    "side",
    "and",
    "server",
    "side",
    "event",
    "loop",
    "node",
    "js",
    "regist",
    "with",
    "the",
    "oper",
    "system",
    "so",
    "the",
    "os",
    "notifi",
    "it",
    "of",
    "connect",
    "and",
    "issu",
    "a",
    "callback",
    "within",
    "the",
    "node",
    "js",
    "runtim",
    "each",
    "connect",
    "is",
    "a",
    "small",
    "heap",
    "alloc",
    "tradit",
    "relat",
    "heavyweight",
    "os",
    "process",
    "or",
    "thread",
    "handl",
    "each",
    "connect",
    "node",
    "js",
    "use",
    "an",
    "event",
    "loop",
    "for",
    "scalabl",
    "instead",
    "of",
    "process",
    "or",
    "thread",
    "63",
    "in",
    "contrast",
    "to",
    "other",
    "event-driven",
    "server",
    "node",
    "js",
    "is",
    "event",
    "loop",
    "doe",
    "not",
    "need",
    "to",
    "be",
    "call",
    "explicit",
    "instead",
    "callback",
    "are",
    "defin",
    "and",
    "the",
    "server",
    "automat",
    "enter",
    "the",
    "event",
    "loop",
    "at",
    "the",
    "end",
    "of",
    "the",
    "callback",
    "definit",
    "node",
    "js",
    "exit",
    "the",
  ],
  [
    "event",
    "loop",
    "when",
    "there",
    "are",
    "no",
    "further",
    "callback",
    "to",
    "be",
    "perform",
    "webassembl",
    "node",
    "js",
    "support",
    "webassembl",
    "and",
    "as",
    "of",
    "node",
    "14",
    "has",
    "experiment",
    "support",
    "of",
    "wasi",
    "the",
    "webassembl",
    "system",
    "interfac",
    "nativ",
    "bind",
    "see",
    "also",
    "foreign",
    "function",
    "interfac",
    "node",
    "js",
    "provid",
    "a",
    "way",
    "to",
    "creat",
    "add-on",
    "via",
    "a",
    "c-base",
    "api",
    "call",
    "n-api",
    "which",
    "can",
    "be",
    "use",
    "to",
    "produc",
    "loadabl",
    "import",
    "node",
    "modul",
    "from",
    "sourc",
    "code",
    "written",
    "in",
    "c",
    "c++",
    "64",
    "the",
    "modul",
    "can",
    "be",
    "direct",
    "load",
    "into",
    "memori",
    "and",
    "execut",
    "from",
    "within",
    "js",
    "environ",
    "as",
    "simpl",
    "commonj",
    "modul",
    "the",
    "implement",
    "of",
    "the",
    "n-api",
    "reli",
    "on",
    "intern",
    "c",
    "c++",
    "node",
    "js",
    "and",
    "v8",
    "object",
    "requir",
    "user",
    "to",
    "import",
    "#includ",
    "node",
    "js",
    "specif",
    "header",
    "into",
    "their",
    "nativ",
    "sourc",
    "code",
    "64",
    "as",
    "the",
    "node",
    "js",
    "api",
    "is",
    "subject",
    "to",
    "break",
    "chang",
    "at",
    "a",
    "binari",
    "level",
    "modul",
    "have",
    "to",
    "be",
    "built",
    "and",
    "ship",
    "against",
    "specif",
    "node",
    "js",
    "version",
    "to",
    "work",
    "proper",
    "to",
    "address",
    "the",
    "issu",
    "third",
    "parti",
    "have",
    "introduc",
    "open-sourc",
    "с",
    "с++",
    "wrapper",
    "on",
    "top",
    "of",
    "the",
    "api",
    "that",
    "partial",
  ],
  [
    "allevi",
    "the",
    "problem",
    "they",
    "simplifi",
    "interfac",
    "but",
    "as",
    "a",
    "side",
    "effect",
    "they",
    "may",
    "also",
    "introduc",
    "complex",
    "which",
    "maintain",
    "have",
    "to",
    "deal",
    "with",
    "even",
    "though",
    "the",
    "core",
    "function",
    "of",
    "node",
    "js",
    "resid",
    "in",
    "a",
    "javascript",
    "built-in",
    "librari",
    "modul",
    "written",
    "in",
    "c++",
    "can",
    "be",
    "use",
    "to",
    "enhanc",
    "capabl",
    "and",
    "to",
    "improv",
    "perform",
    "of",
    "applic",
    "in",
    "order",
    "to",
    "produc",
    "such",
    "modul",
    "one",
    "need",
    "to",
    "have",
    "an",
    "appropri",
    "c++",
    "compil",
    "and",
    "necessari",
    "header",
    "the",
    "latter",
    "are",
    "typic",
    "ship",
    "with",
    "node",
    "js",
    "itself",
    "e",
    "g",
    "gcc",
    "clang",
    "or",
    "msvc++",
    "the",
    "n-api",
    "is",
    "similar",
    "to",
    "java",
    "nativ",
    "interfac",
    "project",
    "govern",
    "in",
    "2015",
    "various",
    "branch",
    "of",
    "the",
    "greater",
    "node",
    "js",
    "communiti",
    "began",
    "work",
    "under",
    "the",
    "vendor-neutr",
    "node",
    "js",
    "foundat",
    "the",
    "state",
    "purpos",
    "of",
    "the",
    "organ",
    "is",
    "to",
    "enabl",
    "widespread",
    "adopt",
    "and",
    "help",
    "acceler",
    "develop",
    "of",
    "node",
    "js",
    "and",
    "other",
    "relat",
    "modul",
    "through",
    "an",
    "open",
    "govern",
    "model",
    "that",
    "encourag",
    "particip",
    "technic",
    "contribut",
    "and",
    "a",
    "framework",
    "for",
    "long-term",
    "stewardship",
    "by",
    "an",
    "ecosystem",
  ],
  [
    "invest",
    "in",
    "node",
    "js",
    "success",
    "65",
    "the",
    "node",
    "js",
    "foundat",
    "technic",
    "steer",
    "committe",
    "tsc",
    "is",
    "the",
    "technic",
    "govern",
    "bodi",
    "of",
    "the",
    "node",
    "js",
    "foundat",
    "the",
    "tsc",
    "is",
    "respons",
    "for",
    "the",
    "core",
    "node",
    "js",
    "repo",
    "as",
    "well",
    "as",
    "depend",
    "and",
    "adjac",
    "project",
    "general",
    "the",
    "tsc",
    "deleg",
    "the",
    "administr",
    "of",
    "these",
    "project",
    "to",
    "work",
    "group",
    "or",
    "committe",
    "66",
    "the",
    "lts",
    "group",
    "that",
    "manag",
    "long",
    "term",
    "support",
    "releas",
    "is",
    "one",
    "such",
    "group",
    "other",
    "current",
    "group",
    "includ",
    "websit",
    "stream",
    "build",
    "diagnost",
    "i18n",
    "evangel",
    "docker",
    "addon",
    "api",
    "benchmark",
    "post-mortem",
    "intl",
    "document",
    "and",
    "test",
    "67",
    "in",
    "august",
    "2017",
    "a",
    "third",
    "of",
    "the",
    "tsc",
    "member",
    "resign",
    "due",
    "to",
    "a",
    "disput",
    "relat",
    "to",
    "the",
    "project",
    "is",
    "code",
    "of",
    "conduct",
    "68",
  ],
]
`;
